------------------------------------------------------------
Timing Analyzer Summary
------------------------------------------------------------

Type  : Slow 1200mV 85C Model Setup 'MAX10_CLK1_50'
Slack : -12.081
TNS   : -7225.635

Type  : Slow 1200mV 85C Model Hold 'MAX10_CLK1_50'
Slack : 0.244
TNS   : 0.000

Type  : Slow 1200mV 85C Model Minimum Pulse Width 'MAX10_CLK1_50'
Slack : -3.166
TNS   : -1680.703

Type  : Slow 1200mV 0C Model Setup 'MAX10_CLK1_50'
Slack : -10.987
TNS   : -6531.645

Type  : Slow 1200mV 0C Model Hold 'MAX10_CLK1_50'
Slack : 0.234
TNS   : 0.000

Type  : Slow 1200mV 0C Model Minimum Pulse Width 'MAX10_CLK1_50'
Slack : -3.166
TNS   : -1678.923

Type  : Fast 1200mV 0C Model Setup 'MAX10_CLK1_50'
Slack : -4.650
TNS   : -2556.763

Type  : Fast 1200mV 0C Model Hold 'MAX10_CLK1_50'
Slack : 0.091
TNS   : 0.000

Type  : Fast 1200mV 0C Model Minimum Pulse Width 'MAX10_CLK1_50'
Slack : -3.000
TNS   : -1114.023

------------------------------------------------------------
